com\claytoncalixto\dscatalog\dto\ProductDTO.class
com\claytoncalixto\dscatalog\entities\Category.class
com\claytoncalixto\dscatalog\resources\ProductResource.class
com\claytoncalixto\dscatalog\services\validation\UserInsertValid.class
com\claytoncalixto\dscatalog\dto\CategoryDTO.class
com\claytoncalixto\dscatalog\services\exceptions\ResourceNotFoundException.class
com\claytoncalixto\dscatalog\services\ProductService.class
com\claytoncalixto\dscatalog\resources\exceptions\StandardError.class
com\claytoncalixto\dscatalog\repositories\CategoryRepository.class
com\claytoncalixto\dscatalog\resources\CategoryResource.class
com\claytoncalixto\dscatalog\resources\exceptions\FieldMessage.class
com\claytoncalixto\dscatalog\config\AppConfig.class
com\claytoncalixto\dscatalog\config\AuthorizationServerConfig.class
com\claytoncalixto\dscatalog\repositories\UserRepository.class
com\claytoncalixto\dscatalog\services\CategoryService.class
com\claytoncalixto\dscatalog\services\UserService.class
com\claytoncalixto\dscatalog\services\validation\UserUpdateValidator.class
com\claytoncalixto\dscatalog\entities\Role.class
com\claytoncalixto\dscatalog\config\WebSecurityConfig.class
com\claytoncalixto\dscatalog\repositories\ProductRepository.class
com\claytoncalixto\dscatalog\resources\exceptions\ResourceExceptionHandler.class
com\claytoncalixto\dscatalog\DscatalogApplication.class
com\claytoncalixto\dscatalog\services\exceptions\DatabaseException.class
com\claytoncalixto\dscatalog\resources\UserResource.class
com\claytoncalixto\dscatalog\dto\UserDTO.class
com\claytoncalixto\dscatalog\entities\User.class
com\claytoncalixto\dscatalog\resources\exceptions\ValidationError.class
com\claytoncalixto\dscatalog\dto\RoleDTO.class
com\claytoncalixto\dscatalog\repositories\RoleRepository.class
com\claytoncalixto\dscatalog\entities\Product.class
com\claytoncalixto\dscatalog\dto\UserInsertDTO.class
com\claytoncalixto\dscatalog\components\JwtTokenEnhancer.class
com\claytoncalixto\dscatalog\services\validation\UserUpdateValid.class
com\claytoncalixto\dscatalog\config\ResourceServerConfig.class
com\claytoncalixto\dscatalog\services\validation\UserInsertValidator.class
com\claytoncalixto\dscatalog\dto\UserUpdateDTO.class
