D:\SSD\workspaces\ws-bootcamp\dscatalog\backend\src\main\java\com\claytoncalixto\dscatalog\services\CategoryService.java
D:\SSD\workspaces\ws-bootcamp\dscatalog\backend\src\main\java\com\claytoncalixto\dscatalog\dto\UserUpdateDTO.java
D:\SSD\workspaces\ws-bootcamp\dscatalog\backend\src\main\java\com\claytoncalixto\dscatalog\services\validation\UserUpdateValidator.java
D:\SSD\workspaces\ws-bootcamp\dscatalog\backend\src\main\java\com\claytoncalixto\dscatalog\config\AppConfig.java
D:\SSD\workspaces\ws-bootcamp\dscatalog\backend\src\main\java\com\claytoncalixto\dscatalog\dto\UserDTO.java
D:\SSD\workspaces\ws-bootcamp\dscatalog\backend\src\main\java\com\claytoncalixto\dscatalog\entities\Role.java
D:\SSD\workspaces\ws-bootcamp\dscatalog\backend\src\main\java\com\claytoncalixto\dscatalog\services\validation\UserUpdateValid.java
D:\SSD\workspaces\ws-bootcamp\dscatalog\backend\src\main\java\com\claytoncalixto\dscatalog\config\ResourceServerConfig.java
D:\SSD\workspaces\ws-bootcamp\dscatalog\backend\src\main\java\com\claytoncalixto\dscatalog\services\exceptions\ResourceNotFoundException.java
D:\SSD\workspaces\ws-bootcamp\dscatalog\backend\src\main\java\com\claytoncalixto\dscatalog\services\exceptions\DatabaseException.java
D:\SSD\workspaces\ws-bootcamp\dscatalog\backend\src\main\java\com\claytoncalixto\dscatalog\repositories\UserRepository.java
D:\SSD\workspaces\ws-bootcamp\dscatalog\backend\src\main\java\com\claytoncalixto\dscatalog\services\UserService.java
D:\SSD\workspaces\ws-bootcamp\dscatalog\backend\src\main\java\com\claytoncalixto\dscatalog\resources\exceptions\StandardError.java
D:\SSD\workspaces\ws-bootcamp\dscatalog\backend\src\main\java\com\claytoncalixto\dscatalog\services\ProductService.java
D:\SSD\workspaces\ws-bootcamp\dscatalog\backend\src\main\java\com\claytoncalixto\dscatalog\services\validation\UserInsertValid.java
D:\SSD\workspaces\ws-bootcamp\dscatalog\backend\src\main\java\com\claytoncalixto\dscatalog\DscatalogApplication.java
D:\SSD\workspaces\ws-bootcamp\dscatalog\backend\src\main\java\com\claytoncalixto\dscatalog\config\AuthorizationServerConfig.java
D:\SSD\workspaces\ws-bootcamp\dscatalog\backend\src\main\java\com\claytoncalixto\dscatalog\resources\exceptions\ValidationError.java
D:\SSD\workspaces\ws-bootcamp\dscatalog\backend\src\main\java\com\claytoncalixto\dscatalog\dto\RoleDTO.java
D:\SSD\workspaces\ws-bootcamp\dscatalog\backend\src\main\java\com\claytoncalixto\dscatalog\entities\User.java
D:\SSD\workspaces\ws-bootcamp\dscatalog\backend\src\main\java\com\claytoncalixto\dscatalog\dto\CategoryDTO.java
D:\SSD\workspaces\ws-bootcamp\dscatalog\backend\src\main\java\com\claytoncalixto\dscatalog\repositories\ProductRepository.java
D:\SSD\workspaces\ws-bootcamp\dscatalog\backend\src\main\java\com\claytoncalixto\dscatalog\resources\exceptions\ResourceExceptionHandler.java
D:\SSD\workspaces\ws-bootcamp\dscatalog\backend\src\main\java\com\claytoncalixto\dscatalog\repositories\RoleRepository.java
D:\SSD\workspaces\ws-bootcamp\dscatalog\backend\src\main\java\com\claytoncalixto\dscatalog\dto\ProductDTO.java
D:\SSD\workspaces\ws-bootcamp\dscatalog\backend\src\main\java\com\claytoncalixto\dscatalog\dto\UserInsertDTO.java
D:\SSD\workspaces\ws-bootcamp\dscatalog\backend\src\main\java\com\claytoncalixto\dscatalog\resources\exceptions\FieldMessage.java
D:\SSD\workspaces\ws-bootcamp\dscatalog\backend\src\main\java\com\claytoncalixto\dscatalog\entities\Category.java
D:\SSD\workspaces\ws-bootcamp\dscatalog\backend\src\main\java\com\claytoncalixto\dscatalog\repositories\CategoryRepository.java
D:\SSD\workspaces\ws-bootcamp\dscatalog\backend\src\main\java\com\claytoncalixto\dscatalog\resources\ProductResource.java
D:\SSD\workspaces\ws-bootcamp\dscatalog\backend\src\main\java\com\claytoncalixto\dscatalog\services\validation\UserInsertValidator.java
D:\SSD\workspaces\ws-bootcamp\dscatalog\backend\src\main\java\com\claytoncalixto\dscatalog\config\WebSecurityConfig.java
D:\SSD\workspaces\ws-bootcamp\dscatalog\backend\src\main\java\com\claytoncalixto\dscatalog\resources\UserResource.java
D:\SSD\workspaces\ws-bootcamp\dscatalog\backend\src\main\java\com\claytoncalixto\dscatalog\components\JwtTokenEnhancer.java
D:\SSD\workspaces\ws-bootcamp\dscatalog\backend\src\main\java\com\claytoncalixto\dscatalog\entities\Product.java
D:\SSD\workspaces\ws-bootcamp\dscatalog\backend\src\main\java\com\claytoncalixto\dscatalog\resources\CategoryResource.java
